[0m17:10:45.574257 [debug] [MainThread]: Sending event: {'category': 'dbt', 'action': 'invocation', 'label': 'start', 'context': [<snowplow_tracker.self_describing_json.SelfDescribingJson object at 0x1114fa210>, <snowplow_tracker.self_describing_json.SelfDescribingJson object at 0x1114f8550>, <snowplow_tracker.self_describing_json.SelfDescribingJson object at 0x111517990>]}


============================== 17:10:45.576091 | c0386894-55d0-433d-8dea-37de157b7411 ==============================
[0m17:10:45.576091 [info ] [MainThread]: Running with dbt=1.10.0
[0m17:10:45.576316 [debug] [MainThread]: running dbt with arguments {'printer_width': '80', 'indirect_selection': 'eager', 'write_json': 'True', 'log_cache_events': 'False', 'partial_parse': 'True', 'cache_selected_only': 'False', 'profiles_dir': '/Users/faizaan/.dbt', 'fail_fast': 'False', 'debug': 'False', 'log_path': 'logs', 'version_check': 'True', 'warn_error': 'None', 'use_colors': 'True', 'use_experimental_parser': 'False', 'no_print': 'None', 'quiet': 'False', 'empty': 'None', 'warn_error_options': 'WarnErrorOptionsV2(error=[], warn=[], silence=[])', 'introspect': 'True', 'log_format': 'default', 'invocation_command': 'dbt init', 'target_path': 'None', 'static_parser': 'True', 'send_anonymous_usage_stats': 'True'}
[0m17:10:59.270953 [debug] [MainThread]: Starter project path: /Library/Frameworks/Python.framework/Versions/3.11/lib/python3.11/site-packages/dbt/include/starter_project
[0m17:10:59.278866 [info ] [MainThread]: 
Your new dbt project "spotify_project" was created!

For more information on how to configure the profiles.yml file,
please consult the dbt documentation here:

  https://docs.getdbt.com/docs/configure-your-profile

One more thing:

Need help? Don't hesitate to reach out to us via GitHub issues or on Slack:

  https://community.getdbt.com/

Happy modeling!

[0m17:10:59.279452 [info ] [MainThread]: Setting up your profile.
[0m17:12:16.586632 [debug] [MainThread]: Sending event: {'category': 'dbt', 'action': 'invocation', 'label': 'start', 'context': [<snowplow_tracker.self_describing_json.SelfDescribingJson object at 0x106ccebd0>, <snowplow_tracker.self_describing_json.SelfDescribingJson object at 0x112f94d10>, <snowplow_tracker.self_describing_json.SelfDescribingJson object at 0x113017d50>]}


============================== 17:12:16.588098 | f4aa6a39-0465-4afa-94e0-118ead4b38de ==============================
[0m17:12:16.588098 [info ] [MainThread]: Running with dbt=1.10.0
[0m17:12:16.588317 [debug] [MainThread]: running dbt with arguments {'printer_width': '80', 'indirect_selection': 'eager', 'write_json': 'True', 'log_cache_events': 'False', 'partial_parse': 'True', 'cache_selected_only': 'False', 'profiles_dir': '/Users/faizaan/.dbt', 'version_check': 'True', 'debug': 'False', 'log_path': 'logs', 'fail_fast': 'False', 'warn_error': 'None', 'use_colors': 'True', 'use_experimental_parser': 'False', 'no_print': 'None', 'quiet': 'False', 'empty': 'None', 'log_format': 'default', 'static_parser': 'True', 'invocation_command': 'dbt init', 'warn_error_options': 'WarnErrorOptionsV2(error=[], warn=[], silence=[])', 'target_path': 'None', 'introspect': 'True', 'send_anonymous_usage_stats': 'True'}
[0m17:12:22.846879 [debug] [MainThread]: Starter project path: /Library/Frameworks/Python.framework/Versions/3.11/lib/python3.11/site-packages/dbt/include/starter_project
[0m17:12:22.853515 [info ] [MainThread]: 
Your new dbt project "snowflake_project" was created!

For more information on how to configure the profiles.yml file,
please consult the dbt documentation here:

  https://docs.getdbt.com/docs/configure-your-profile

One more thing:

Need help? Don't hesitate to reach out to us via GitHub issues or on Slack:

  https://community.getdbt.com/

Happy modeling!

[0m17:12:22.854048 [info ] [MainThread]: Setting up your profile.
[0m17:15:41.485543 [debug] [MainThread]: Sending event: {'category': 'dbt', 'action': 'invocation', 'label': 'start', 'context': [<snowplow_tracker.self_describing_json.SelfDescribingJson object at 0x10d121a10>, <snowplow_tracker.self_describing_json.SelfDescribingJson object at 0x10d3e5fd0>, <snowplow_tracker.self_describing_json.SelfDescribingJson object at 0x10d401bd0>]}


============================== 17:15:41.497732 | e68005cd-633f-4550-8509-0773ac6006d3 ==============================
[0m17:15:41.497732 [info ] [MainThread]: Running with dbt=1.11.2
[0m17:15:41.497958 [debug] [MainThread]: running dbt with arguments {'target_path': 'None', 'log_cache_events': 'False', 'partial_parse': 'True', 'static_parser': 'True', 'debug': 'False', 'printer_width': '80', 'fail_fast': 'False', 'version_check': 'True', 'warn_error': 'None', 'log_format': 'default', 'use_experimental_parser': 'False', 'log_path': 'logs', 'no_print': 'None', 'use_colors': 'True', 'empty': 'None', 'send_anonymous_usage_stats': 'True', 'write_json': 'True', 'quiet': 'False', 'invocation_command': 'dbt init', 'indirect_selection': 'eager', 'warn_error_options': 'WarnErrorOptionsV2(error=[], warn=[], silence=[])', 'cache_selected_only': 'False', 'profiles_dir': '/Users/faizaan/.dbt', 'introspect': 'True'}
[0m17:15:53.849412 [debug] [MainThread]: Starter project path: /Users/faizaan/Desktop/dbt_spotify_prj/.venv/lib/python3.11/site-packages/dbt/include/starter_project
[0m17:15:53.856973 [info ] [MainThread]: 
Your new dbt project "snowflake_spotify_project" was created!

For more information on how to configure the profiles.yml file,
please consult the dbt documentation here:

  https://docs.getdbt.com/docs/configure-your-profile

One more thing:

Need help? Don't hesitate to reach out to us via GitHub issues or on Slack:

  https://community.getdbt.com/

Happy modeling!

[0m17:15:53.857537 [info ] [MainThread]: Setting up your profile.
[0m17:16:06.035842 [debug] [MainThread]: Snowflake adapter: Setting snowflake.connector to ERROR (file logging only)
[0m17:16:06.036200 [debug] [MainThread]: Snowflake adapter: Setting botocore to ERROR (file logging only)
[0m17:16:06.036350 [debug] [MainThread]: Snowflake adapter: Setting boto3 to ERROR (file logging only)
[0m17:18:15.857250 [info ] [MainThread]: Profile snowflake_spotify_project written to /Users/faizaan/.dbt/profiles.yml using target's profile_template.yml and your supplied values. Run 'dbt debug' to validate the connection.
[0m17:18:15.861687 [debug] [MainThread]: Resource report: {"command_name": "init", "command_success": true, "command_wall_clock_time": 154.39848, "process_in_blocks": "0", "process_kernel_time": 0.348179, "process_mem_max_rss": "175292416", "process_out_blocks": "0", "process_user_time": 1.269137}
[0m17:18:15.862609 [debug] [MainThread]: Command `dbt init` succeeded at 17:18:15.862517 after 154.40 seconds
[0m17:18:15.862990 [debug] [MainThread]: Sending event: {'category': 'dbt', 'action': 'invocation', 'label': 'end', 'context': [<snowplow_tracker.self_describing_json.SelfDescribingJson object at 0x10d401f50>, <snowplow_tracker.self_describing_json.SelfDescribingJson object at 0x1049d3650>, <snowplow_tracker.self_describing_json.SelfDescribingJson object at 0x1049d3550>]}
[0m17:18:15.863360 [debug] [MainThread]: Flushing usage events
[0m17:18:16.202676 [debug] [MainThread]: An error was encountered while trying to flush usage events
[0m17:18:55.749150 [debug] [MainThread]: Sending event: {'category': 'dbt', 'action': 'invocation', 'label': 'start', 'context': [<snowplow_tracker.self_describing_json.SelfDescribingJson object at 0x10be2fd50>, <snowplow_tracker.self_describing_json.SelfDescribingJson object at 0x10be49d90>, <snowplow_tracker.self_describing_json.SelfDescribingJson object at 0x10be4a8d0>]}


============================== 17:18:55.750855 | b94213ac-2231-4cea-987a-077f33d1f289 ==============================
[0m17:18:55.750855 [info ] [MainThread]: Running with dbt=1.11.2
[0m17:18:55.751087 [debug] [MainThread]: running dbt with arguments {'cache_selected_only': 'False', 'log_format': 'default', 'no_print': 'None', 'log_path': 'logs', 'empty': 'None', 'indirect_selection': 'eager', 'fail_fast': 'False', 'warn_error_options': 'WarnErrorOptionsV2(error=[], warn=[], silence=[])', 'write_json': 'True', 'version_check': 'True', 'log_cache_events': 'False', 'quiet': 'False', 'target_path': 'None', 'static_parser': 'True', 'use_experimental_parser': 'False', 'debug': 'False', 'partial_parse': 'True', 'invocation_command': 'dbt debug', 'profiles_dir': '/Users/faizaan/.dbt', 'printer_width': '80', 'use_colors': 'True', 'introspect': 'True', 'warn_error': 'None', 'send_anonymous_usage_stats': 'True'}
[0m17:18:55.759579 [info ] [MainThread]: dbt version: 1.11.2
[0m17:18:55.759763 [info ] [MainThread]: python version: 3.11.0
[0m17:18:55.759903 [info ] [MainThread]: python path: /Users/faizaan/Desktop/dbt_spotify_prj/.venv/bin/python3
[0m17:18:55.759998 [info ] [MainThread]: os info: macOS-26.2-arm64-arm-64bit
[0m17:18:55.892893 [debug] [MainThread]: Snowflake adapter: Setting snowflake.connector to ERROR (file logging only)
[0m17:18:55.893091 [debug] [MainThread]: Snowflake adapter: Setting botocore to ERROR (file logging only)
[0m17:18:55.893190 [debug] [MainThread]: Snowflake adapter: Setting boto3 to ERROR (file logging only)
[0m17:18:55.911107 [info ] [MainThread]: Using profiles dir at /Users/faizaan/.dbt
[0m17:18:55.911265 [info ] [MainThread]: Using profiles.yml file at /Users/faizaan/.dbt/profiles.yml
[0m17:18:55.911371 [info ] [MainThread]: Using dbt_project.yml file at /Users/faizaan/Desktop/dbt_spotify_prj/dbt_project.yml
[0m17:18:55.911851 [info ] [MainThread]: adapter type: snowflake
[0m17:18:55.911944 [info ] [MainThread]: adapter version: 1.11.1
[0m17:18:55.912031 [info ] [MainThread]: Configuration:
[0m17:18:55.912113 [info ] [MainThread]:   profiles.yml file [[32mOK found and valid[0m]
[0m17:18:55.912193 [info ] [MainThread]:   dbt_project.yml file [[31mERROR not found[0m]
[0m17:18:55.912270 [info ] [MainThread]: Required dependencies:
[0m17:18:55.912366 [debug] [MainThread]: Executing "git --help"
[0m17:18:55.921696 [debug] [MainThread]: STDOUT: "b"usage: git [-v | --version] [-h | --help] [-C <path>] [-c <name>=<value>]\n           [--exec-path[=<path>]] [--html-path] [--man-path] [--info-path]\n           [-p | --paginate | -P | --no-pager] [--no-replace-objects] [--no-lazy-fetch]\n           [--no-optional-locks] [--no-advice] [--bare] [--git-dir=<path>]\n           [--work-tree=<path>] [--namespace=<name>] [--config-env=<name>=<envvar>]\n           <command> [<args>]\n\nThese are common Git commands used in various situations:\n\nstart a working area (see also: git help tutorial)\n   clone      Clone a repository into a new directory\n   init       Create an empty Git repository or reinitialize an existing one\n\nwork on the current change (see also: git help everyday)\n   add        Add file contents to the index\n   mv         Move or rename a file, a directory, or a symlink\n   restore    Restore working tree files\n   rm         Remove files from the working tree and from the index\n\nexamine the history and state (see also: git help revisions)\n   bisect     Use binary search to find the commit that introduced a bug\n   diff       Show changes between commits, commit and working tree, etc\n   grep       Print lines matching a pattern\n   log        Show commit logs\n   show       Show various types of objects\n   status     Show the working tree status\n\ngrow, mark and tweak your common history\n   backfill   Download missing objects in a partial clone\n   branch     List, create, or delete branches\n   commit     Record changes to the repository\n   merge      Join two or more development histories together\n   rebase     Reapply commits on top of another base tip\n   reset      Reset current HEAD to the specified state\n   switch     Switch branches\n   tag        Create, list, delete or verify a tag object signed with GPG\n\ncollaborate (see also: git help workflows)\n   fetch      Download objects and refs from another repository\n   pull       Fetch from and integrate with another repository or a local branch\n   push       Update remote refs along with associated objects\n\n'git help -a' and 'git help -g' list available subcommands and some\nconcept guides. See 'git help <command>' or 'git help <concept>'\nto read about a specific subcommand or concept.\nSee 'git help git' for an overview of the system.\n""
[0m17:18:55.922046 [debug] [MainThread]: STDERR: "b''"
[0m17:18:55.922155 [info ] [MainThread]:  - git [[32mOK found[0m]

[0m17:18:55.922268 [info ] [MainThread]: Connection:
[0m17:18:55.922403 [info ] [MainThread]:   account: MT97777
[0m17:18:55.922483 [info ] [MainThread]:   user: FAIZAAN
[0m17:18:55.922561 [info ] [MainThread]:   database: SPOTIFY_DB
[0m17:18:55.922646 [info ] [MainThread]:   warehouse: COMPUTE_WH
[0m17:18:55.922720 [info ] [MainThread]:   role: ACCOUNTADMIN
[0m17:18:55.922796 [info ] [MainThread]:   schema: SOURCE
[0m17:18:55.922870 [info ] [MainThread]:   authenticator: None
[0m17:18:55.922947 [info ] [MainThread]:   oauth_client_id: None
[0m17:18:55.923021 [info ] [MainThread]:   query_tag: None
[0m17:18:55.923094 [info ] [MainThread]:   client_session_keep_alive: False
[0m17:18:55.923171 [info ] [MainThread]:   host: None
[0m17:18:55.923249 [info ] [MainThread]:   port: None
[0m17:18:55.923340 [info ] [MainThread]:   proxy_host: None
[0m17:18:55.923416 [info ] [MainThread]:   proxy_port: None
[0m17:18:55.923661 [info ] [MainThread]:   protocol: None
[0m17:18:55.923802 [info ] [MainThread]:   connect_retries: 1
[0m17:18:55.923892 [info ] [MainThread]:   connect_timeout: None
[0m17:18:55.923976 [info ] [MainThread]:   retry_on_database_errors: False
[0m17:18:55.924065 [info ] [MainThread]:   retry_all: False
[0m17:18:55.924146 [info ] [MainThread]:   insecure_mode: False
[0m17:18:55.924222 [info ] [MainThread]:   reuse_connections: True
[0m17:18:55.924299 [info ] [MainThread]:   s3_stage_vpce_dns_name: None
[0m17:18:55.924379 [info ] [MainThread]:   platform_detection_timeout_seconds: 0.0
[0m17:18:55.924579 [info ] [MainThread]: Registered adapter: snowflake=1.11.1
[0m17:18:55.965393 [debug] [MainThread]: Acquiring new snowflake connection 'debug'
[0m17:18:55.997996 [debug] [MainThread]: Using snowflake connection "debug"
[0m17:18:55.998135 [debug] [MainThread]: On debug: select 1 as id
[0m17:18:55.998220 [debug] [MainThread]: Opening a new connection, currently in state init
[0m17:18:56.608399 [debug] [MainThread]: Snowflake adapter: Error running SQL: select 1 as id
[0m17:18:56.608591 [debug] [MainThread]: Snowflake adapter: Rolling back transaction.
[0m17:18:56.609520 [info ] [MainThread]:   Connection test: [[31mERROR[0m]

[0m17:18:56.609692 [info ] [MainThread]: [31m2 checks failed:[0m
[0m17:18:56.609799 [info ] [MainThread]: Project loading failed for the following reason:
 project path </Users/faizaan/Desktop/dbt_spotify_prj/dbt_project.yml> not found

[0m17:18:56.609903 [info ] [MainThread]: dbt was unable to connect to the specified database.
The database returned the following error:

  >Database Error
  290404 (08001): 404 Not Found: post MT97777.snowflakecomputing.com:443/session/v1/login-request

Check your database credentials and try again. For more information, visit:
https://docs.getdbt.com/docs/configure-your-profile


[0m17:18:56.611057 [debug] [MainThread]: Resource report: {"command_name": "debug", "command_success": false, "command_wall_clock_time": 0.8851841, "process_in_blocks": "0", "process_kernel_time": 0.154488, "process_mem_max_rss": "160071680", "process_out_blocks": "0", "process_user_time": 0.700414}
[0m17:18:56.611251 [debug] [MainThread]: Command `dbt debug` failed at 17:18:56.611213 after 0.89 seconds
[0m17:18:56.611388 [debug] [MainThread]: Connection 'debug' was left open.
[0m17:18:56.611485 [debug] [MainThread]: On debug: No close available on handle
[0m17:18:56.611610 [debug] [MainThread]: Sending event: {'category': 'dbt', 'action': 'invocation', 'label': 'end', 'context': [<snowplow_tracker.self_describing_json.SelfDescribingJson object at 0x10d592c10>, <snowplow_tracker.self_describing_json.SelfDescribingJson object at 0x104554790>, <snowplow_tracker.self_describing_json.SelfDescribingJson object at 0x1045547d0>]}
[0m17:18:56.611760 [debug] [MainThread]: Flushing usage events
[0m17:18:56.931002 [debug] [MainThread]: An error was encountered while trying to flush usage events
